i am maheswar reddy
i hava a knowledge on devops and aws
i want get jog on this both
